Archive member included because of file (symbol)

d:/iti tools/01/01- imt sdk/imt_sdk_win_64/winavr/bin/../lib/gcc/avr/4.3.3/avr5\libgcc.a(_exit.o)
                              d:/iti tools/01/01- imt sdk/imt_sdk_win_64/winavr/bin/../lib/gcc/avr/4.3.3/../../../../avr/lib/avr5/crtm32.o (exit)
d:/iti tools/01/01- imt sdk/imt_sdk_win_64/winavr/bin/../lib/gcc/avr/4.3.3/avr5\libgcc.a(_clear_bss.o)
                              ./MCAL/TIMERS/TIMER1/TIMER1.o (__do_clear_bss)

Memory Configuration

Name             Origin             Length             Attributes
text             0x00000000         0x00020000         xr
data             0x00800060         0x0000ffa0         rw !x
eeprom           0x00810000         0x00010000         rw !x
fuse             0x00820000         0x00000400         rw !x
lock             0x00830000         0x00000400         rw !x
signature        0x00840000         0x00000400         rw !x
*default*        0x00000000         0xffffffff

Linker script and memory map

LOAD d:/iti tools/01/01- imt sdk/imt_sdk_win_64/winavr/bin/../lib/gcc/avr/4.3.3/../../../../avr/lib/avr5/crtm32.o
LOAD ./MCAL/TIMERS/TIMER1/TIMER1.o
LOAD ./MCAL/SPI/SPI.o
LOAD ./MCAL/DIO/DIO.o
LOAD ./Slave_main.o
LOAD d:/iti tools/01/01- imt sdk/imt_sdk_win_64/winavr/bin/../lib/gcc/avr/4.3.3/avr5\libgcc.a
LOAD d:/iti tools/01/01- imt sdk/imt_sdk_win_64/winavr/bin/../lib/gcc/avr/4.3.3/../../../../avr/lib/avr5\libc.a
LOAD d:/iti tools/01/01- imt sdk/imt_sdk_win_64/winavr/bin/../lib/gcc/avr/4.3.3/avr5\libgcc.a

.hash
 *(.hash)

.dynsym
 *(.dynsym)

.dynstr
 *(.dynstr)

.gnu.version
 *(.gnu.version)

.gnu.version_d
 *(.gnu.version_d)

.gnu.version_r
 *(.gnu.version_r)

.rel.init
 *(.rel.init)

.rela.init
 *(.rela.init)

.rel.text
 *(.rel.text)
 *(.rel.text.*)
 *(.rel.gnu.linkonce.t*)

.rela.text
 *(.rela.text)
 *(.rela.text.*)
 *(.rela.gnu.linkonce.t*)

.rel.fini
 *(.rel.fini)

.rela.fini
 *(.rela.fini)

.rel.rodata
 *(.rel.rodata)
 *(.rel.rodata.*)
 *(.rel.gnu.linkonce.r*)

.rela.rodata
 *(.rela.rodata)
 *(.rela.rodata.*)
 *(.rela.gnu.linkonce.r*)

.rel.data
 *(.rel.data)
 *(.rel.data.*)
 *(.rel.gnu.linkonce.d*)

.rela.data
 *(.rela.data)
 *(.rela.data.*)
 *(.rela.gnu.linkonce.d*)

.rel.ctors
 *(.rel.ctors)

.rela.ctors
 *(.rela.ctors)

.rel.dtors
 *(.rel.dtors)

.rela.dtors
 *(.rela.dtors)

.rel.got
 *(.rel.got)

.rela.got
 *(.rela.got)

.rel.bss
 *(.rel.bss)

.rela.bss
 *(.rela.bss)

.rel.plt
 *(.rel.plt)

.rela.plt
 *(.rela.plt)

.text           0x00000000     0x1182
 *(.vectors)
 .vectors       0x00000000       0x54 d:/iti tools/01/01- imt sdk/imt_sdk_win_64/winavr/bin/../lib/gcc/avr/4.3.3/../../../../avr/lib/avr5/crtm32.o
                0x00000000                __vectors
                0x00000000                __vector_default
 *(.vectors)
 *(.progmem.gcc*)
 *(.progmem*)
                0x00000054                . = ALIGN (0x2)
                0x00000054                __trampolines_start = .
 *(.trampolines)
 .trampolines   0x00000054        0x0 linker stubs
 *(.trampolines*)
                0x00000054                __trampolines_end = .
 *(.jumptables)
 *(.jumptables*)
 *(.lowtext)
 *(.lowtext*)
                0x00000054                __ctors_start = .
 *(.ctors)
                0x00000054                __ctors_end = .
                0x00000054                __dtors_start = .
 *(.dtors)
                0x00000054                __dtors_end = .
 SORT(*)(.ctors)
 SORT(*)(.dtors)
 *(.init0)
 .init0         0x00000054        0x0 d:/iti tools/01/01- imt sdk/imt_sdk_win_64/winavr/bin/../lib/gcc/avr/4.3.3/../../../../avr/lib/avr5/crtm32.o
                0x00000054                __init
 *(.init0)
 *(.init1)
 *(.init1)
 *(.init2)
 .init2         0x00000054        0xc d:/iti tools/01/01- imt sdk/imt_sdk_win_64/winavr/bin/../lib/gcc/avr/4.3.3/../../../../avr/lib/avr5/crtm32.o
 *(.init2)
 *(.init3)
 *(.init3)
 *(.init4)
 .init4         0x00000060       0x10 d:/iti tools/01/01- imt sdk/imt_sdk_win_64/winavr/bin/../lib/gcc/avr/4.3.3/avr5\libgcc.a(_clear_bss.o)
                0x00000060                __do_clear_bss
 *(.init4)
 *(.init5)
 *(.init5)
 *(.init6)
 *(.init6)
 *(.init7)
 *(.init7)
 *(.init8)
 *(.init8)
 *(.init9)
 .init9         0x00000070        0x8 d:/iti tools/01/01- imt sdk/imt_sdk_win_64/winavr/bin/../lib/gcc/avr/4.3.3/../../../../avr/lib/avr5/crtm32.o
 *(.init9)
 *(.text)
 .text          0x00000078        0x4 d:/iti tools/01/01- imt sdk/imt_sdk_win_64/winavr/bin/../lib/gcc/avr/4.3.3/../../../../avr/lib/avr5/crtm32.o
                0x00000078                __vector_1
                0x00000078                __vector_12
                0x00000078                __bad_interrupt
                0x00000078                __vector_3
                0x00000078                __vector_11
                0x00000078                __vector_13
                0x00000078                __vector_17
                0x00000078                __vector_19
                0x00000078                __vector_5
                0x00000078                __vector_4
                0x00000078                __vector_2
                0x00000078                __vector_15
                0x00000078                __vector_14
                0x00000078                __vector_10
                0x00000078                __vector_16
                0x00000078                __vector_18
                0x00000078                __vector_20
 .text          0x0000007c        0x0 ./MCAL/TIMERS/TIMER1/TIMER1.o
 .text          0x0000007c        0x0 ./MCAL/SPI/SPI.o
 .text          0x0000007c        0x0 ./MCAL/DIO/DIO.o
 .text          0x0000007c        0x0 ./Slave_main.o
 .text          0x0000007c        0x0 d:/iti tools/01/01- imt sdk/imt_sdk_win_64/winavr/bin/../lib/gcc/avr/4.3.3/avr5\libgcc.a(_exit.o)
 .text          0x0000007c        0x0 d:/iti tools/01/01- imt sdk/imt_sdk_win_64/winavr/bin/../lib/gcc/avr/4.3.3/avr5\libgcc.a(_clear_bss.o)
                0x0000007c                . = ALIGN (0x2)
 *(.text.*)
 .text.TIMER1_Init
                0x0000007c       0x9a ./MCAL/TIMERS/TIMER1/TIMER1.o
                0x0000007c                TIMER1_Init
 .text.TIMER1_voidSetOcr1A
                0x00000116       0x24 ./MCAL/TIMERS/TIMER1/TIMER1.o
                0x00000116                TIMER1_voidSetOcr1A
 .text.TIMER1_voidSetOcr1B
                0x0000013a       0x24 ./MCAL/TIMERS/TIMER1/TIMER1.o
                0x0000013a                TIMER1_voidSetOcr1B
 .text.Timer1_voidSetICR1Value
                0x0000015e       0x24 ./MCAL/TIMERS/TIMER1/TIMER1.o
                0x0000015e                Timer1_voidSetICR1Value
 .text.TIMER1_voidEnableOVInterrubt
                0x00000182       0x1c ./MCAL/TIMERS/TIMER1/TIMER1.o
                0x00000182                TIMER1_voidEnableOVInterrubt
 .text.TIMER1_voidDisableOVInterrubt
                0x0000019e       0x1c ./MCAL/TIMERS/TIMER1/TIMER1.o
                0x0000019e                TIMER1_voidDisableOVInterrubt
 .text.TIMER1_voidEnableCOMPAInterrubt
                0x000001ba       0x1c ./MCAL/TIMERS/TIMER1/TIMER1.o
                0x000001ba                TIMER1_voidEnableCOMPAInterrubt
 .text.TIMER1_voidDisableCOMPAInterrubt
                0x000001d6       0x1c ./MCAL/TIMERS/TIMER1/TIMER1.o
                0x000001d6                TIMER1_voidDisableCOMPAInterrubt
 .text.TIMER1_voidEnableCOMPBInterrubt
                0x000001f2       0x1c ./MCAL/TIMERS/TIMER1/TIMER1.o
                0x000001f2                TIMER1_voidEnableCOMPBInterrubt
 .text.TIMER1_voidDisableCOMPBInterrubt
                0x0000020e       0x1c ./MCAL/TIMERS/TIMER1/TIMER1.o
                0x0000020e                TIMER1_voidDisableCOMPBInterrubt
 .text.TIMER1_voidSetPreloadValue
                0x0000022a       0x24 ./MCAL/TIMERS/TIMER1/TIMER1.o
                0x0000022a                TIMER1_voidSetPreloadValue
 .text.TIMER1_u16ReadValue
                0x0000024e       0x16 ./MCAL/TIMERS/TIMER1/TIMER1.o
                0x0000024e                TIMER1_u16ReadValue
 .text.Timer1_u16ReadICR1Value
                0x00000264       0x16 ./MCAL/TIMERS/TIMER1/TIMER1.o
                0x00000264                Timer1_u16ReadICR1Value
 .text.Timer1_voidTriggeredge
                0x0000027a       0x56 ./MCAL/TIMERS/TIMER1/TIMER1.o
                0x0000027a                Timer1_voidTriggeredge
 .text.Timer1_voidICUInterruptEnable
                0x000002d0       0x1c ./MCAL/TIMERS/TIMER1/TIMER1.o
                0x000002d0                Timer1_voidICUInterruptEnable
 .text.Timer1_voidICUInterruptDisable
                0x000002ec       0x1c ./MCAL/TIMERS/TIMER1/TIMER1.o
                0x000002ec                Timer1_voidICUInterruptDisable
 .text.TIMER1_SetCallBackOV
                0x00000308       0x24 ./MCAL/TIMERS/TIMER1/TIMER1.o
                0x00000308                TIMER1_SetCallBackOV
 .text.TIMER1_SetCallBackCOMPA
                0x0000032c       0x24 ./MCAL/TIMERS/TIMER1/TIMER1.o
                0x0000032c                TIMER1_SetCallBackCOMPA
 .text.TIMER1_SetCallBackCOMPB
                0x00000350       0x24 ./MCAL/TIMERS/TIMER1/TIMER1.o
                0x00000350                TIMER1_SetCallBackCOMPB
 .text.Timer1_voidICUSetCallBack
                0x00000374       0x24 ./MCAL/TIMERS/TIMER1/TIMER1.o
                0x00000374                Timer1_voidICUSetCallBack
 .text.__vector_9
                0x00000398       0x66 ./MCAL/TIMERS/TIMER1/TIMER1.o
                0x00000398                __vector_9
 .text.__vector_7
                0x000003fe       0x66 ./MCAL/TIMERS/TIMER1/TIMER1.o
                0x000003fe                __vector_7
 .text.__vector_8
                0x00000464       0x66 ./MCAL/TIMERS/TIMER1/TIMER1.o
                0x00000464                __vector_8
 .text.__vector_6
                0x000004ca       0x66 ./MCAL/TIMERS/TIMER1/TIMER1.o
                0x000004ca                __vector_6
 .text.SPI_voidInit
                0x00000530       0x88 ./MCAL/SPI/SPI.o
                0x00000530                SPI_voidInit
 .text.SPI_u8Tranceive
                0x000005b8       0x2c ./MCAL/SPI/SPI.o
                0x000005b8                SPI_u8Tranceive
 .text.DIO_voidSetPinDirection
                0x000005e4      0x200 ./MCAL/DIO/DIO.o
                0x000005e4                DIO_voidSetPinDirection
 .text.DIO_voidSetPinvalue
                0x000007e4      0x200 ./MCAL/DIO/DIO.o
                0x000007e4                DIO_voidSetPinvalue
 .text.DIO_u8GetPinValue
                0x000009e4       0xf4 ./MCAL/DIO/DIO.o
                0x000009e4                DIO_u8GetPinValue
 .text.DIO_voidTogglePinValue
                0x00000ad8       0xfa ./MCAL/DIO/DIO.o
                0x00000ad8                DIO_voidTogglePinValue
 .text.DIO_voidSetPortDirection
                0x00000bd2       0x82 ./MCAL/DIO/DIO.o
                0x00000bd2                DIO_voidSetPortDirection
 .text.DIO_voidSetPortvalue
                0x00000c54       0x82 ./MCAL/DIO/DIO.o
                0x00000c54                DIO_voidSetPortvalue
 .text.DIO_u8GetPortValue
                0x00000cd6       0x84 ./MCAL/DIO/DIO.o
                0x00000cd6                DIO_u8GetPortValue
 .text.main     0x00000d5a      0x424 ./Slave_main.o
                0x00000d5a                main
 .text.libgcc   0x0000117e        0x0 d:/iti tools/01/01- imt sdk/imt_sdk_win_64/winavr/bin/../lib/gcc/avr/4.3.3/avr5\libgcc.a(_exit.o)
 .text.libgcc   0x0000117e        0x0 d:/iti tools/01/01- imt sdk/imt_sdk_win_64/winavr/bin/../lib/gcc/avr/4.3.3/avr5\libgcc.a(_clear_bss.o)
                0x0000117e                . = ALIGN (0x2)
 *(.fini9)
 .fini9         0x0000117e        0x0 d:/iti tools/01/01- imt sdk/imt_sdk_win_64/winavr/bin/../lib/gcc/avr/4.3.3/avr5\libgcc.a(_exit.o)
                0x0000117e                exit
                0x0000117e                _exit
 *(.fini9)
 *(.fini8)
 *(.fini8)
 *(.fini7)
 *(.fini7)
 *(.fini6)
 *(.fini6)
 *(.fini5)
 *(.fini5)
 *(.fini4)
 *(.fini4)
 *(.fini3)
 *(.fini3)
 *(.fini2)
 *(.fini2)
 *(.fini1)
 *(.fini1)
 *(.fini0)
 .fini0         0x0000117e        0x4 d:/iti tools/01/01- imt sdk/imt_sdk_win_64/winavr/bin/../lib/gcc/avr/4.3.3/avr5\libgcc.a(_exit.o)
 *(.fini0)
                0x00001182                _etext = .

.data           0x00800060        0x0 load address 0x00001182
                0x00800060                PROVIDE (__data_start, .)
 *(.data)
 .data          0x00800060        0x0 d:/iti tools/01/01- imt sdk/imt_sdk_win_64/winavr/bin/../lib/gcc/avr/4.3.3/../../../../avr/lib/avr5/crtm32.o
 .data          0x00800060        0x0 ./MCAL/TIMERS/TIMER1/TIMER1.o
 .data          0x00800060        0x0 ./MCAL/SPI/SPI.o
 .data          0x00800060        0x0 ./MCAL/DIO/DIO.o
 .data          0x00800060        0x0 ./Slave_main.o
 .data          0x00800060        0x0 d:/iti tools/01/01- imt sdk/imt_sdk_win_64/winavr/bin/../lib/gcc/avr/4.3.3/avr5\libgcc.a(_exit.o)
 .data          0x00800060        0x0 d:/iti tools/01/01- imt sdk/imt_sdk_win_64/winavr/bin/../lib/gcc/avr/4.3.3/avr5\libgcc.a(_clear_bss.o)
 *(.data*)
 *(.rodata)
 *(.rodata*)
 *(.gnu.linkonce.d*)
                0x00800060                . = ALIGN (0x2)
                0x00800060                _edata = .
                0x00800060                PROVIDE (__data_end, .)

.bss            0x00800060        0x8
                0x00800060                PROVIDE (__bss_start, .)
 *(.bss)
 .bss           0x00800060        0x0 d:/iti tools/01/01- imt sdk/imt_sdk_win_64/winavr/bin/../lib/gcc/avr/4.3.3/../../../../avr/lib/avr5/crtm32.o
 .bss           0x00800060        0x0 ./MCAL/TIMERS/TIMER1/TIMER1.o
 .bss           0x00800060        0x0 ./MCAL/SPI/SPI.o
 .bss           0x00800060        0x0 ./MCAL/DIO/DIO.o
 .bss           0x00800060        0x0 ./Slave_main.o
 .bss           0x00800060        0x0 d:/iti tools/01/01- imt sdk/imt_sdk_win_64/winavr/bin/../lib/gcc/avr/4.3.3/avr5\libgcc.a(_exit.o)
 .bss           0x00800060        0x0 d:/iti tools/01/01- imt sdk/imt_sdk_win_64/winavr/bin/../lib/gcc/avr/4.3.3/avr5\libgcc.a(_clear_bss.o)
 *(.bss*)
 .bss.TIMER1_PFvoidInt
                0x00800060        0x8 ./MCAL/TIMERS/TIMER1/TIMER1.o
                0x00800060                TIMER1_PFvoidInt
 *(COMMON)
                0x00800068                PROVIDE (__bss_end, .)
                0x00001182                __data_load_start = LOADADDR (.data)
                0x00001182                __data_load_end = (__data_load_start + SIZEOF (.data))

.noinit         0x00800068        0x0
                0x00800068                PROVIDE (__noinit_start, .)
 *(.noinit*)
                0x00800068                PROVIDE (__noinit_end, .)
                0x00800068                _end = .
                0x00800068                PROVIDE (__heap_start, .)

.eeprom         0x00810000        0x0
 *(.eeprom*)
                0x00810000                __eeprom_end = .

.fuse
 *(.fuse)
 *(.lfuse)
 *(.hfuse)
 *(.efuse)

.lock
 *(.lock*)

.signature
 *(.signature*)

.stab           0x00000000     0x18cc
 *(.stab)
 .stab          0x00000000      0x918 ./MCAL/TIMERS/TIMER1/TIMER1.o
 .stab          0x00000918      0x2ac ./MCAL/SPI/SPI.o
                                0x468 (size before relaxing)
 .stab          0x00000bc4      0x624 ./MCAL/DIO/DIO.o
                                0x7e0 (size before relaxing)
 .stab          0x000011e8      0x6e4 ./Slave_main.o
                                0x930 (size before relaxing)

.stabstr        0x00000000     0x1163
 *(.stabstr)
 .stabstr       0x00000000     0x1163 ./MCAL/TIMERS/TIMER1/TIMER1.o

.stab.excl
 *(.stab.excl)

.stab.exclstr
 *(.stab.exclstr)

.stab.index
 *(.stab.index)

.stab.indexstr
 *(.stab.indexstr)

.comment
 *(.comment)

.debug
 *(.debug)

.line
 *(.line)

.debug_srcinfo
 *(.debug_srcinfo)

.debug_sfnames
 *(.debug_sfnames)

.debug_aranges
 *(.debug_aranges)

.debug_pubnames
 *(.debug_pubnames)

.debug_info
 *(.debug_info)
 *(.gnu.linkonce.wi.*)

.debug_abbrev
 *(.debug_abbrev)

.debug_line
 *(.debug_line)

.debug_frame
 *(.debug_frame)

.debug_str
 *(.debug_str)

.debug_loc
 *(.debug_loc)

.debug_macinfo
 *(.debug_macinfo)
OUTPUT(Smart_Home_Slave.elf elf32-avr)
LOAD linker stubs
